19 NODETAR.depth=1
24 NODETAR.follow=false
36 NODETAR.ignoreFiles.0=.npmignore
36 NODETAR.ignoreFiles.1=.gitignore
38 NODETAR.ignoreFiles.2=package.json
33 NODETAR.package.name=backbone
108 NODETAR.package.description=Give your JS App some Backbone with Models, Views, Collections, and Events.
45 NODETAR.package.url=http://backbonejs.org
36 NODETAR.package.keywords.0=model
35 NODETAR.package.keywords.1=view
41 NODETAR.package.keywords.2=controller
37 NODETAR.package.keywords.3=router
37 NODETAR.package.keywords.4=server
37 NODETAR.package.keywords.5=client
38 NODETAR.package.keywords.6=browser
69 NODETAR.package.author=Jeremy Ashkenas <jeremy@documentcloud.org>
51 NODETAR.package.dependencies.underscore=>=1.7.0
55 NODETAR.package.devDependencies.coffee-script=1.7.1
47 NODETAR.package.devDependencies.docco=0.7.0
50 NODETAR.package.devDependencies.karma=^0.12.31
67 NODETAR.package.devDependencies.karma-phantomjs-launcher=^0.1.4
54 NODETAR.package.devDependencies.karma-qunit=^0.1.4
53 NODETAR.package.devDependencies.uglify-js=^2.4.17
97 NODETAR.package.scripts.test=./node_modules/karma/bin/karma start && coffee test/model.coffee
113 NODETAR.package.scripts.build=uglifyjs backbone.js --mangle --source-map backbone-min.map -o backbone-min.js
117 NODETAR.package.scripts.doc=docco backbone.js && docco examples/todos/todos.js examples/backbone.localStorage.js
101 NODETAR.package.scripts.lint=jsl -nofilelisting -nologo -conf docs/jsl.conf -process backbone.js
36 NODETAR.package.main=backbone.js
33 NODETAR.package.version=1.2.1
31 NODETAR.package.license=MIT
39 NODETAR.package.repository.type=git
76 NODETAR.package.repository.url=https://github.com/jashkenas/backbone.git
39 NODETAR.package.files.0=backbone.js
43 NODETAR.package.files.1=backbone-min.js
44 NODETAR.package.files.2=backbone-min.map
35 NODETAR.package.files.3=LICENSE
33 path=package/backbone-min.map
21 NODETAR.type=File
23 SCHILY.dev=16777220
18 SCHILY.nlink=1
18 uid=1119519827
18 gid=1490099278
24 NODETAR.blksize=4096
23 SCHILY.ino=76293478
14 size=33022
21 NODETAR.blocks=72